[2025-09-01 14:17:53 UTC] Running metadata_scrapper.py...

------ POOLS CREATION - 2025-09-01 14:17:54------


Skipping Step A: Using existing top pools info.

Skipping Step B: Using existing dune query data.

Step C: Creating pools metadata for top pools in solana/orca...
Updating metadata for pool $WIF / SOL (D6NdKrKNQPmRZCCnG1GqXtF7MMoHB7qR6GU5TkG59Qz1)
Metadata for pool $WIF / SOL (D6NdKrKNQPmRZCCnG1GqXtF7MMoHB7qR6GU5TkG59Qz1) is already up to date.
Updating metadata for pool $WIF / SOL (CZrvf5cCAf7BoTqLkMEsT2czJobx4zfppHez2gaJwHaF)
Metadata for pool $WIF / SOL (CZrvf5cCAf7BoTqLkMEsT2czJobx4zfppHez2gaJwHaF) is already up to date.
Updating metadata for pool $WIF / SOL (4E6q7eJE6vBNdquqzYYi5gvzd5MNpwiQKhjbRTRQGuQd)
Metadata for pool $WIF / SOL (4E6q7eJE6vBNdquqzYYi5gvzd5MNpwiQKhjbRTRQGuQd) is already up to date.
Updating metadata for pool $WIF / SOL (A6cVoMU1Z7oRi9R774QarVxHUmHPQkxQfYVFGNQuAx2b)
Metadata for pool $WIF / SOL (A6cVoMU1Z7oRi9R774QarVxHUmHPQkxQfYVFGNQuAx2b) is already up to date.
Updating metadata for pool $WIF / USDC (CN8M75cH57DuZNzW5wSUpTXtMrSfXBFScJoQxVCgAXes)
Metadata for pool $WIF / USDC (CN8M75cH57DuZNzW5wSUpTXtMrSfXBFScJoQxVCgAXes) is already up to date.
Updating metadata for pool $michi / SOL (CATK9eqtn8Qwv95JF6JS4xdC4AYRFqPiuswG7fwsnVN1)
Metadata for pool $michi / SOL (CATK9eqtn8Qwv95JF6JS4xdC4AYRFqPiuswG7fwsnVN1) is already up to date.
Updating metadata for pool -/+ / SOL (7PRRUiYzmK81hJzbbDFNpCR3aQbZCmtwTyaoPYndCoq6)
Metadata for pool -/+ / SOL (7PRRUiYzmK81hJzbbDFNpCR3aQbZCmtwTyaoPYndCoq6) is already up to date.
Updating metadata for pool ACS / SOL (Go1hKVCy6mJA5usvHNV74KjkexXG2AUporDMeda5icmb)
Metadata for pool ACS / SOL (Go1hKVCy6mJA5usvHNV74KjkexXG2AUporDMeda5icmb) is already up to date.
Updating metadata for pool ACS / USDC (DQbUWSZoLpuHmdyqnJzpctPBkoKdJhMZdE1cJoWk2pnt)
Metadata for pool ACS / USDC (DQbUWSZoLpuHmdyqnJzpctPBkoKdJhMZdE1cJoWk2pnt) is already up to date.
Traceback (most recent call last):
  File "/home/wbug/projects/izpi/scripts/metadata_scrapper.py", line 292, in <module>
    pools_creation(network, dex, ignore_steps)
  File "/home/wbug/projects/izpi/scripts/metadata_scrapper.py", line 283, in pools_creation
    tqdm.write("TVL history not available for pool:", pool_info["name"], pool_info["address"])
  File "/home/wbug/projects/venvs/venv_izpi/lib/python3.11/site-packages/tqdm/std.py", line 722, in write
    fp.write(s)
    ^^^^^^^^
AttributeError: 'str' object has no attribute 'write'
[2025-09-01 14:17:55 UTC] Pushing changes to GitHub...
