[2025-08-13 07:47:26 UTC] Running metadata_updater.py...

------ POOLS DAILY UPDATE - 2025-08-13 07:47:26 ------

Step 1: Getting TVL info for available pools...
Step 2: Updating daily metadata for each pool...
Metadata for pool $WIF / SOL (D6NdKrKNQPmRZCCnG1GqXtF7MMoHB7qR6GU5TkG59Qz1) is NOT UP to date.
Last update: 2025-08-12 01:00:02, current time: 2025-08-13 00:00:00
Updating daily metadata for pool $WIF / SOL (D6NdKrKNQPmRZCCnG1GqXtF7MMoHB7qR6GU5TkG59Qz1)
Metadata for pool $WIF / SOL (CZrvf5cCAf7BoTqLkMEsT2czJobx4zfppHez2gaJwHaF) is NOT UP to date.
Last update: 2025-08-12 01:00:02, current time: 2025-08-13 00:00:00
Updating daily metadata for pool $WIF / SOL (CZrvf5cCAf7BoTqLkMEsT2czJobx4zfppHez2gaJwHaF)
Metadata for pool $WIF / SOL (4E6q7eJE6vBNdquqzYYi5gvzd5MNpwiQKhjbRTRQGuQd) is NOT UP to date.
Last update: 2025-08-12 01:00:02, current time: 2025-08-13 00:00:00
Updating daily metadata for pool $WIF / SOL (4E6q7eJE6vBNdquqzYYi5gvzd5MNpwiQKhjbRTRQGuQd)
Metadata for pool $WIF / SOL (A6cVoMU1Z7oRi9R774QarVxHUmHPQkxQfYVFGNQuAx2b) is NOT UP to date.
Last update: 2025-08-12 01:00:02, current time: 2025-08-13 00:00:00
Updating daily metadata for pool $WIF / SOL (A6cVoMU1Z7oRi9R774QarVxHUmHPQkxQfYVFGNQuAx2b)
Metadata for pool $WIF / USDC (CN8M75cH57DuZNzW5wSUpTXtMrSfXBFScJoQxVCgAXes) is NOT UP to date.
Last update: 2025-08-12 01:00:02, current time: 2025-08-13 00:00:00
Updating daily metadata for pool $WIF / USDC (CN8M75cH57DuZNzW5wSUpTXtMrSfXBFScJoQxVCgAXes)
Metadata for pool $michi / SOL (CATK9eqtn8Qwv95JF6JS4xdC4AYRFqPiuswG7fwsnVN1) is NOT UP to date.
Last update: 2025-08-12 01:00:02, current time: 2025-08-13 00:00:00
Updating daily metadata for pool $michi / SOL (CATK9eqtn8Qwv95JF6JS4xdC4AYRFqPiuswG7fwsnVN1)
Metadata for pool -/+ / SOL (7PRRUiYzmK81hJzbbDFNpCR3aQbZCmtwTyaoPYndCoq6) is NOT UP to date.
Last update: 2025-08-12 01:00:02, current time: 2025-08-13 00:00:00
Updating daily metadata for pool -/+ / SOL (7PRRUiYzmK81hJzbbDFNpCR3aQbZCmtwTyaoPYndCoq6)
Limit of 30 calls/min reached, waiting for 65s...
Traceback (most recent call last):
  File "/home/wbug/projects/izpi/scripts/metadata_updater.py", line 136, in <module>
    pools_daily_update()
  File "/home/wbug/projects/izpi/scripts/metadata_updater.py", line 129, in pools_daily_update
    daily_update_pool_metadata(pool_info, utc_now, pools_tvl_info)
  File "/home/wbug/projects/izpi/scripts/metadata_updater.py", line 56, in daily_update_pool_metadata
    response_data_usd = ms.get_ohlcv_info(pool_info, limit=day_limit, before_timestamp=timestamp, currency="usd")
                        ^^^^^^^^^^^^^^^^^^^^^^^^^^^^^^^^^^^^^^^^^^^^^^^^^^^^^^^^^^^^^^^^^^^^^^^^^^^^^^^^^^^^^^^^^
  File "/home/wbug/projects/izpi/scripts/metadata_scrapper.py", line 140, in get_ohlcv_info
    response_data = call_get_request(endpoint)
                    ^^^^^^^^^^^^^^^^^^^^^^^^^^
  File "/home/wbug/projects/izpi/scripts/metadata_scrapper.py", line 23, in call_get_request
    tqdm.write(f"{i}s ", disable=not sys.stdout.isatty(), end="\r")
TypeError: tqdm.write() got an unexpected keyword argument 'disable'
[2025-08-13 07:47:57 UTC] Pushing changes to GitHub...
[master 3a18de7] Auto-update: 2025-08-13 07:47:58 UTC
 10 files changed, 50 insertions(+), 649 deletions(-)
 delete mode 100644 logs/metadata_updater_2025-08-13_01:00:01_UTC.log
 delete mode 100644 logs/metadata_updater_2025-08-13_07:45:51_UTC.log
 create mode 100644 logs/metadata_updater_2025-08-13_07:47:26_UTC.log
To https://github.com/asierhv/izpi.git
   3f180b7..3a18de7  master -> master
