[2025-08-11 12:10:01 UTC] Running metadata_updater.py...

------ POOLS DAILY UPDATE - 2025-08-11 12:10:02 ------

Step 1: Getting TVL info for available pools...
Step 2: Updating daily metadata for each pool...
Updating daily metadata for pool $WIF / SOL (D6NdKrKNQPmRZCCnG1GqXtF7MMoHB7qR6GU5TkG59Qz1)
Metadata for pool $WIF / SOL (D6NdKrKNQPmRZCCnG1GqXtF7MMoHB7qR6GU5TkG59Qz1) is already up to date.
Updating daily metadata for pool $WIF / SOL (CZrvf5cCAf7BoTqLkMEsT2czJobx4zfppHez2gaJwHaF)
Metadata for pool $WIF / SOL (CZrvf5cCAf7BoTqLkMEsT2czJobx4zfppHez2gaJwHaF) is already up to date.
Updating daily metadata for pool $WIF / SOL (4E6q7eJE6vBNdquqzYYi5gvzd5MNpwiQKhjbRTRQGuQd)
Metadata for pool $WIF / SOL (4E6q7eJE6vBNdquqzYYi5gvzd5MNpwiQKhjbRTRQGuQd) is already up to date.
Updating daily metadata for pool $WIF / SOL (A6cVoMU1Z7oRi9R774QarVxHUmHPQkxQfYVFGNQuAx2b)
Metadata for pool $WIF / SOL (A6cVoMU1Z7oRi9R774QarVxHUmHPQkxQfYVFGNQuAx2b) is already up to date.
Updating daily metadata for pool $WIF / USDC (CN8M75cH57DuZNzW5wSUpTXtMrSfXBFScJoQxVCgAXes)
Metadata for pool $WIF / USDC (CN8M75cH57DuZNzW5wSUpTXtMrSfXBFScJoQxVCgAXes) is already up to date.
Updating daily metadata for pool $michi / SOL (CATK9eqtn8Qwv95JF6JS4xdC4AYRFqPiuswG7fwsnVN1)
Metadata for pool $michi / SOL (CATK9eqtn8Qwv95JF6JS4xdC4AYRFqPiuswG7fwsnVN1) is already up to date.
Updating daily metadata for pool -/+ / SOL (7PRRUiYzmK81hJzbbDFNpCR3aQbZCmtwTyaoPYndCoq6)
Metadata for pool -/+ / SOL (7PRRUiYzmK81hJzbbDFNpCR3aQbZCmtwTyaoPYndCoq6) is already up to date.
Updating daily metadata for pool ACS / SOL (Go1hKVCy6mJA5usvHNV74KjkexXG2AUporDMeda5icmb)
Metadata for pool ACS / SOL (Go1hKVCy6mJA5usvHNV74KjkexXG2AUporDMeda5icmb) is already up to date.
Updating daily metadata for pool ACS / USDC (DQbUWSZoLpuHmdyqnJzpctPBkoKdJhMZdE1cJoWk2pnt)
Metadata for pool ACS / USDC (DQbUWSZoLpuHmdyqnJzpctPBkoKdJhMZdE1cJoWk2pnt) is already up to date.
Updating daily metadata for pool AUDIO / USDC (CZqbzVsVQQtBy1X15gHxipWFnC3Hkar62LJ49XuSK7ec)
Metadata for pool AUDIO / USDC (CZqbzVsVQQtBy1X15gHxipWFnC3Hkar62LJ49XuSK7ec) is already up to date.
Updating daily metadata for pool AVAX / USDC (CeGZNd2ap2ke8JreVqDXikSrxhnSERh9G8WAt4yqMcBs)
Metadata for pool AVAX / USDC (CeGZNd2ap2ke8JreVqDXikSrxhnSERh9G8WAt4yqMcBs) is already up to date.
Updating daily metadata for pool BLOCK / SOL (DpRTn6DsBMVMkW2s9DaT4EGHBFSXx6vs7gVpw7niFJLY)
Metadata for pool BLOCK / SOL (DpRTn6DsBMVMkW2s9DaT4EGHBFSXx6vs7gVpw7niFJLY) is already up to date.
Updating daily metadata for pool BORG / SOL (KLkoFSdCpC523EmmGyJxmLv1A3itv8ZNiMZwjPmFXuk)
Metadata for pool BORG / SOL (KLkoFSdCpC523EmmGyJxmLv1A3itv8ZNiMZwjPmFXuk) is already up to date.
Updating daily metadata for pool Bonk / $WIF (56Ekyu6uBpTna3LR2qkjHjNbDNkCLWK2Lt3uWh7J2R8Z)
Metadata for pool Bonk / $WIF (56Ekyu6uBpTna3LR2qkjHjNbDNkCLWK2Lt3uWh7J2R8Z) is already up to date.
Updating daily metadata for pool Bonk / SOL (5zpyutJu9ee6jFymDGoK7F6S5Kczqtc9FomP3ueKuyA9)
Metadata for pool Bonk / SOL (5zpyutJu9ee6jFymDGoK7F6S5Kczqtc9FomP3ueKuyA9) is already up to date.
Updating daily metadata for pool Bonk / SOL (3ne4mWqdYuNiYrYZC9TrA3FcfuFdErghH97vNPbjicr1)
Metadata for pool Bonk / SOL (3ne4mWqdYuNiYrYZC9TrA3FcfuFdErghH97vNPbjicr1) is already up to date.
Updating daily metadata for pool Bonk / SOL (5r2SKyVDAmaj8HJak4qRS2oLCn2caf3jmrJi8ikRKj6s)
Metadata for pool Bonk / SOL (5r2SKyVDAmaj8HJak4qRS2oLCn2caf3jmrJi8ikRKj6s) is already up to date.
Updating daily metadata for pool Bonk / SOL (4VG8VFNo3EXiTA75mhh48qv55S6m3VA2uTQCzEt8kczb)
Metadata for pool Bonk / SOL (4VG8VFNo3EXiTA75mhh48qv55S6m3VA2uTQCzEt8kczb) is already up to date.
Updating daily metadata for pool Bonk / USDC (8QaXeHBrShJTdtN1rWCccBxpSVvKksQ2PCu5nufb2zbk)
Metadata for pool Bonk / USDC (8QaXeHBrShJTdtN1rWCccBxpSVvKksQ2PCu5nufb2zbk) is already up to date.
Updating daily metadata for pool CHEEMS / SOL (2c1cu1aGiw6kNn7Dwz76QjAgwyDkP7YWHv8izZge4JwE)
Metadata for pool CHEEMS / SOL (2c1cu1aGiw6kNn7Dwz76QjAgwyDkP7YWHv8izZge4JwE) is already up to date.
Updating daily metadata for pool CROWN / SOL (GgvEV7WiEM9t7xobkBUw54x5XSXZH9mZ1vf43hCmrVyX)
Metadata for pool CROWN / SOL (GgvEV7WiEM9t7xobkBUw54x5XSXZH9mZ1vf43hCmrVyX) is already up to date.
Updating daily metadata for pool Chud / SOL (33e6dhGgeCzQ7eUTVSaZhcHtVJrAH8wFEQ7X2rWvv9bG)
Metadata for pool Chud / SOL (33e6dhGgeCzQ7eUTVSaZhcHtVJrAH8wFEQ7X2rWvv9bG) is already up to date.
Updating daily metadata for pool DRIFT / USDC (7psbtZGcKHuW2Jw7C9NoGb1GPxq5kS4NbjXfUPsUFsgX)
Metadata for pool DRIFT / USDC (7psbtZGcKHuW2Jw7C9NoGb1GPxq5kS4NbjXfUPsUFsgX) is already up to date.
Updating daily metadata for pool DROID / SOL (5fD53Jsxd6XovQu32YPUbWY9aPvt7Fo1pUDRrkcJ4F2K)
Metadata for pool DROID / SOL (5fD53Jsxd6XovQu32YPUbWY9aPvt7Fo1pUDRrkcJ4F2K) is already up to date.
Updating daily metadata for pool DUKO / SOL (3EQArUpQ9dAbMawfJvPX3JmqWnyc4opiqyjKHbMd2V7L)
Metadata for pool DUKO / SOL (3EQArUpQ9dAbMawfJvPX3JmqWnyc4opiqyjKHbMd2V7L) is already up to date.
Updating daily metadata for pool FIDA / SOL (A73SMfz2Skp4PkQpDd1UrMiwaseazk5wKKAWKf96Dcys)
Metadata for pool FIDA / SOL (A73SMfz2Skp4PkQpDd1UrMiwaseazk5wKKAWKf96Dcys) is already up to date.
Updating daily metadata for pool GMT / SOL (EngvuHZ7JobyTfkDzi5djqncCgmumrB4qLTacRefQon2)
Metadata for pool GMT / SOL (EngvuHZ7JobyTfkDzi5djqncCgmumrB4qLTacRefQon2) is already up to date.
Updating daily metadata for pool GMT / USDC (7PNQ9rfSGCbCC3XTeL6CwwAzevqQGvKXeXMxP2TjS7rM)
Metadata for pool GMT / USDC (7PNQ9rfSGCbCC3XTeL6CwwAzevqQGvKXeXMxP2TjS7rM) is already up to date.
Updating daily metadata for pool GP / SOL (9E2AwC5SzfPy3otpmHHVwGNoM2b2SLrJ9M1T5inXrCPE)
Metadata for pool GP / SOL (9E2AwC5SzfPy3otpmHHVwGNoM2b2SLrJ9M1T5inXrCPE) is already up to date.
Updating daily metadata for pool GP / USDC (9vNKzrrHAjqjuTGLjCBo9Ai4edMYgP9dsG4tFZ2hF251)
Metadata for pool GP / USDC (9vNKzrrHAjqjuTGLjCBo9Ai4edMYgP9dsG4tFZ2hF251) is already up to date.
Updating daily metadata for pool HNT / MOBILE (45zpzzpZquaVv4BAdXfzNbuba7DAXV32d1sTrUh5wcnW)
Metadata for pool HNT / MOBILE (45zpzzpZquaVv4BAdXfzNbuba7DAXV32d1sTrUh5wcnW) is already up to date.
Updating daily metadata for pool HNT / SOL (5qrvgpvr55Eo7c5bBcwopdiQ6TpvceiRm42yjHTbtDvc)
Metadata for pool HNT / SOL (5qrvgpvr55Eo7c5bBcwopdiQ6TpvceiRm42yjHTbtDvc) is already up to date.
Updating daily metadata for pool HNT / SOL (CSP4RmB6kBHkKGkyTnzt9zYYXDA8SbZ5Do5WfZcjqjE4)
Metadata for pool HNT / SOL (CSP4RmB6kBHkKGkyTnzt9zYYXDA8SbZ5Do5WfZcjqjE4) is already up to date.
Updating daily metadata for pool HNT / USDC (8JwS5zosnLFT84S1NebSp1HS6aeaxviXYS7jBh9PQ8vp)
Metadata for pool HNT / USDC (8JwS5zosnLFT84S1NebSp1HS6aeaxviXYS7jBh9PQ8vp) is already up to date.
Updating daily metadata for pool HONEY / JitoSOL (Ex7Sz5zdutJqfxL3cgTCcg3BT7mK7TKEpJDdM9xGHaWg)
Metadata for pool HONEY / JitoSOL (Ex7Sz5zdutJqfxL3cgTCcg3BT7mK7TKEpJDdM9xGHaWg) is already up to date.
Updating daily metadata for pool HONEY / SOL (ENYEHSyduTbFN1xoSEGaLu7c1F8AqKucdscMuV5Yypy2)
Metadata for pool HONEY / SOL (ENYEHSyduTbFN1xoSEGaLu7c1F8AqKucdscMuV5Yypy2) is already up to date.
Updating daily metadata for pool INF / SOL (DxD41srN8Xk9QfYjdNXF9tTnP6qQxeF2bZF8s1eN62Pe)
Metadata for pool INF / SOL (DxD41srN8Xk9QfYjdNXF9tTnP6qQxeF2bZF8s1eN62Pe) is already up to date.
Updating daily metadata for pool INF / USDC (6wySwcwYkbqdQDnG9DgN6mez57nv8RnjcTmjxp36o9rZ)
Metadata for pool INF / USDC (6wySwcwYkbqdQDnG9DgN6mez57nv8RnjcTmjxp36o9rZ) is already up to date.
Updating daily metadata for pool IO / SOL (HB1fZ4PRzHZx5Mc4wizNXTAf298HRMNw1w1S6Y9P6jUP)
Metadata for pool IO / SOL (HB1fZ4PRzHZx5Mc4wizNXTAf298HRMNw1w1S6Y9P6jUP) is already up to date.
Updating daily metadata for pool IOT / SOL (Cx6WqD4ViGZArdA3nPcneNBJxECftm36CZbtdb7jw9gP)
Metadata for pool IOT / SOL (Cx6WqD4ViGZArdA3nPcneNBJxECftm36CZbtdb7jw9gP) is already up to date.
Updating daily metadata for pool JLP / SOL (6a3m2EgFFKfsFuQtP4LJJXPcAe3TQYXNyHUjjZpUxYgd)
Metadata for pool JLP / SOL (6a3m2EgFFKfsFuQtP4LJJXPcAe3TQYXNyHUjjZpUxYgd) is already up to date.
Updating daily metadata for pool JLP / SOL (4GZWN1bzbkBXwxMhyj9aQd5ZfovoLNSheBtukKdMtNXS)
Metadata for pool JLP / SOL (4GZWN1bzbkBXwxMhyj9aQd5ZfovoLNSheBtukKdMtNXS) is already up to date.
Updating daily metadata for pool JLP / SOL (4Z1A4Wy4Qj1GDC98YXYCuEkibVsHXoB1pMsn2crqEgDF)
Metadata for pool JLP / SOL (4Z1A4Wy4Qj1GDC98YXYCuEkibVsHXoB1pMsn2crqEgDF) is already up to date.
Updating daily metadata for pool JLP / USDC (6NUiVmsNjsi4AfsMsEiaezsaV9N4N1ZrD4jEnuWNRvyb)
Metadata for pool JLP / USDC (6NUiVmsNjsi4AfsMsEiaezsaV9N4N1ZrD4jEnuWNRvyb) is already up to date.
Updating daily metadata for pool JLP / USDC (HD8i7qr1hd9ida6sN71RbkLxbWcbvZS4NA5CY6vfcDpj)
Metadata for pool JLP / USDC (HD8i7qr1hd9ida6sN71RbkLxbWcbvZS4NA5CY6vfcDpj) is already up to date.
Updating daily metadata for pool JLP / USDC (8Z8uy3xqUZqvpJ9QvJz7muz5aosL2VjGfJcEA99JK364)
Metadata for pool JLP / USDC (8Z8uy3xqUZqvpJ9QvJz7muz5aosL2VjGfJcEA99JK364) is already up to date.
Updating daily metadata for pool JLP / WBTC (7rCWunLK7a2uLYog5e79Nxz5gfXptJaotjBuqv29JKz)
Metadata for pool JLP / WBTC (7rCWunLK7a2uLYog5e79Nxz5gfXptJaotjBuqv29JKz) is already up to date.
Updating daily metadata for pool JTO / JitoSOL (G2FiE1yn9N9ZJx5e1E2LxxMnHvb1H3hCuHLPfKJ98smA)
Metadata for pool JTO / JitoSOL (G2FiE1yn9N9ZJx5e1E2LxxMnHvb1H3hCuHLPfKJ98smA) is already up to date.
Updating daily metadata for pool JTO / SOL (2UhFnySoJi6c89aydGAGS7ZRemo2dbkFRhvSJqDX4gHJ)
Metadata for pool JTO / SOL (2UhFnySoJi6c89aydGAGS7ZRemo2dbkFRhvSJqDX4gHJ) is already up to date.
Updating daily metadata for pool JUP / SOL (C1MgLojNLWBKADvu9BHdtgzz1oZX4dZ5zGdGcgvvW8Wz)
Metadata for pool JUP / SOL (C1MgLojNLWBKADvu9BHdtgzz1oZX4dZ5zGdGcgvvW8Wz) is already up to date.
Updating daily metadata for pool JUP / SOL (DkVN7RKTNjSSER5oyurf3vddQU2ZneSCYwXvpErvTCFA)
Metadata for pool JUP / SOL (DkVN7RKTNjSSER5oyurf3vddQU2ZneSCYwXvpErvTCFA) is already up to date.
Updating daily metadata for pool JUP / SOL (EgcgMpmGnGvU3Wa8T6gvmEN6pfSXXSxPTbYNEHVh8cZk)
Metadata for pool JUP / SOL (EgcgMpmGnGvU3Wa8T6gvmEN6pfSXXSxPTbYNEHVh8cZk) is already up to date.
Updating daily metadata for pool JUP / USDC (4Ui9QdDNuUaAGqCPcDSp191QrixLzQiLxJ1Gnqvz3szP)
Metadata for pool JUP / USDC (4Ui9QdDNuUaAGqCPcDSp191QrixLzQiLxJ1Gnqvz3szP) is already up to date.
Updating daily metadata for pool JUP / USDC (HrLmpzp8Nu5wkn9SGZYSS9Ms6deTvMgGc6BETp4161ZX)
Metadata for pool JUP / USDC (HrLmpzp8Nu5wkn9SGZYSS9Ms6deTvMgGc6BETp4161ZX) is already up to date.
Updating daily metadata for pool JUP / USDC (GaRZqVJCpRMsM12ZTaP13zpaY6npHw2SeruZRWY2GGfn)
Metadata for pool JUP / USDC (GaRZqVJCpRMsM12ZTaP13zpaY6npHw2SeruZRWY2GGfn) is already up to date.
Updating daily metadata for pool JUP / USDT (AyFajbj7QEi8CizFnfEjJn3vSUxgDjVKob4A8i618YJD)
Metadata for pool JUP / USDT (AyFajbj7QEi8CizFnfEjJn3vSUxgDjVKob4A8i618YJD) is already up to date.
Updating daily metadata for pool JUP / bSOL (KdcztfHmVNRd5qY7oR7AdoNhcpHhjXKesK9JTBnNxwL)
Metadata for pool JUP / bSOL (KdcztfHmVNRd5qY7oR7AdoNhcpHhjXKesK9JTBnNxwL) is already up to date.
Updating daily metadata for pool JitoSOL / SOL (Hp53XEtt4S8SvPCXarsLSdGfZBuUr5mMmZmX2DRNXQKp)
Metadata for pool JitoSOL / SOL (Hp53XEtt4S8SvPCXarsLSdGfZBuUr5mMmZmX2DRNXQKp) is already up to date.
Updating daily metadata for pool JitoSOL / USDC (CxvWVYvvSymLWQNLqo61zjr1L86B4HpxoELbAAjxyb8H)
Metadata for pool JitoSOL / USDC (CxvWVYvvSymLWQNLqo61zjr1L86B4HpxoELbAAjxyb8H) is already up to date.
Updating daily metadata for pool JupSOL / SOL (DtYKbQELgMZ3ihFUrCcCs9gy4djcUuhwgR7UpxVpP2Tg)
Metadata for pool JupSOL / SOL (DtYKbQELgMZ3ihFUrCcCs9gy4djcUuhwgR7UpxVpP2Tg) is already up to date.
Updating daily metadata for pool KMNO / SOL (5E2cHo3DQnRjB3zWHKUs86RPqCeLboMgKV9WjxFwUjhV)
Metadata for pool KMNO / SOL (5E2cHo3DQnRjB3zWHKUs86RPqCeLboMgKV9WjxFwUjhV) is already up to date.
Updating daily metadata for pool LST / SOL (HJVNnnRj1xz25P9215AHQUvGXoS6MKtJASjgrrwD7GnP)
Metadata for pool LST / SOL (HJVNnnRj1xz25P9215AHQUvGXoS6MKtJASjgrrwD7GnP) is already up to date.
Updating daily metadata for pool META / USDC (6dyEn3YXFkVzN5EKKJhQML8LXKFczQ8uY5cnsmqTTZo1)
Metadata for pool META / USDC (6dyEn3YXFkVzN5EKKJhQML8LXKFczQ8uY5cnsmqTTZo1) is already up to date.
Updating daily metadata for pool MNDE / USDC (3dvV75ULxUzuyg57ZwQiay5xfNNdxT6Y98LA11vQyneF)
Metadata for pool MNDE / USDC (3dvV75ULxUzuyg57ZwQiay5xfNNdxT6Y98LA11vQyneF) is already up to date.
Updating daily metadata for pool MNDE / mSOL (BVXNG6BrL2Tn3NmppnMeXHjBHTaQSnSnLE99JKwZSWPg)
Metadata for pool MNDE / mSOL (BVXNG6BrL2Tn3NmppnMeXHjBHTaQSnSnLE99JKwZSWPg) is already up to date.
Updating daily metadata for pool MOBILE / SOL (8S24t7whcEUn8VuBRXwritKRy27NfdSWLrRz5gwQXJ9f)
Metadata for pool MOBILE / SOL (8S24t7whcEUn8VuBRXwritKRy27NfdSWLrRz5gwQXJ9f) is already up to date.
Updating daily metadata for pool MOBILE / SOL (8EyL9NRDo8DfE5rywgnu8KFfm8P7MjYT8wjNUQyGwst8)
Metadata for pool MOBILE / SOL (8EyL9NRDo8DfE5rywgnu8KFfm8P7MjYT8wjNUQyGwst8) is already up to date.
Updating daily metadata for pool MYRS / SOL (GzCjqtkSemjoutLkicfqEk5J1RXMXRZ3uPi6VhG99Pkt)
Metadata for pool MYRS / SOL (GzCjqtkSemjoutLkicfqEk5J1RXMXRZ3uPi6VhG99Pkt) is already up to date.
Updating daily metadata for pool MYRS / USDC (49qy7oiG4U47N9cSWNSGuzMZnujJDG83XjBU4ffsSMVU)
Metadata for pool MYRS / USDC (49qy7oiG4U47N9cSWNSGuzMZnujJDG83XjBU4ffsSMVU) is already up to date.
Updating daily metadata for pool NEON / SOL (GUWM1arUyDnkMGCHvJu3yt1qomJ988utqC3dFN2AUCDT)
Metadata for pool NEON / SOL (GUWM1arUyDnkMGCHvJu3yt1qomJ988utqC3dFN2AUCDT) is already up to date.
Updating daily metadata for pool NOS / RENDER (66y7ViQ6mUyYa1sPDRrroPuAAuTeN1Cb4jKb6FEE5sR1)
Metadata for pool NOS / RENDER (66y7ViQ6mUyYa1sPDRrroPuAAuTeN1Cb4jKb6FEE5sR1) is already up to date.
Updating daily metadata for pool NOS / SOL (3fCMZfWg48aUNYtdPm9KG4kmwseenr446fLAnafd2Uvj)
Metadata for pool NOS / SOL (3fCMZfWg48aUNYtdPm9KG4kmwseenr446fLAnafd2Uvj) is already up to date.
Updating daily metadata for pool NYAN / USDC (57xTqqteaKhQuXYSzNxb6yqZKHw7vBfsj927DznumJGP)
Metadata for pool NYAN / USDC (57xTqqteaKhQuXYSzNxb6yqZKHw7vBfsj927DznumJGP) is already up to date.
Updating daily metadata for pool ORCA / RAY (2ntusSb3dL7LBuTys6wG9pAyB3hWvaei1oa2MucX3Pct)
Metadata for pool ORCA / RAY (2ntusSb3dL7LBuTys6wG9pAyB3hWvaei1oa2MucX3Pct) is already up to date.
Updating daily metadata for pool ORCA / SOL (Hxw77h9fEx598afiiZunwHaX3vYu9UskDk9EpPNZp1mG)
Metadata for pool ORCA / SOL (Hxw77h9fEx598afiiZunwHaX3vYu9UskDk9EpPNZp1mG) is already up to date.
Updating daily metadata for pool ORCA / SOL (HrvrhPtNq8JEGbi7dhMFuXy1Jms49nZrgC6GLjZ3cPyo)
Metadata for pool ORCA / SOL (HrvrhPtNq8JEGbi7dhMFuXy1Jms49nZrgC6GLjZ3cPyo) is already up to date.
Updating daily metadata for pool ORCA / USDC (5Z66YYYaTmmx1R4mATAGLSc8aV4Vfy5tNdJQzk1GP9RF)
Metadata for pool ORCA / USDC (5Z66YYYaTmmx1R4mATAGLSc8aV4Vfy5tNdJQzk1GP9RF) is already up to date.
Updating daily metadata for pool ORCA / USDC (FSBDeuLQ19Hse2jzhHfDwTvEoeRWD7UKK4BM1zgbV7pY)
Metadata for pool ORCA / USDC (FSBDeuLQ19Hse2jzhHfDwTvEoeRWD7UKK4BM1zgbV7pY) is already up to date.
Updating daily metadata for pool PIP / SOL (CwNh2zfNcZt6bDmDvdztLAEJGxNW54rhC33Zki39AT6N)
Metadata for pool PIP / SOL (CwNh2zfNcZt6bDmDvdztLAEJGxNW54rhC33Zki39AT6N) is already up to date.
Updating daily metadata for pool POLIS / ATLAS (9HfmWsAwjZpCMCfqFZz3iLtd5K6vxFAY9SmM2XbtUVbZ)
Metadata for pool POLIS / ATLAS (9HfmWsAwjZpCMCfqFZz3iLtd5K6vxFAY9SmM2XbtUVbZ) is already up to date.
Updating daily metadata for pool POPCAT / $WIF (CyJG5PGm5hKrdnmszBUJQfjpSHVJqwUSYffXyTyTAyXv)
Metadata for pool POPCAT / $WIF (CyJG5PGm5hKrdnmszBUJQfjpSHVJqwUSYffXyTyTAyXv) is already up to date.
Updating daily metadata for pool POPCAT / SOL (AHTTzwf3GmVMJdxWM8v2MSxyjZj8rQR6hyAC3g9477Yj)
Metadata for pool POPCAT / SOL (AHTTzwf3GmVMJdxWM8v2MSxyjZj8rQR6hyAC3g9477Yj) is already up to date.
Updating daily metadata for pool POPCAT / SOL (FjpUZNi84CrL8NPBkqTsMyLkxMHJfAjDZiZ65zsEgXnR)
Metadata for pool POPCAT / SOL (FjpUZNi84CrL8NPBkqTsMyLkxMHJfAjDZiZ65zsEgXnR) is already up to date.
Updating daily metadata for pool POPCAT / USDC (82vnbMa6vxm1a9TWy54s1dYRCYeGYZUPQnn7iVLBvmtx)
Metadata for pool POPCAT / USDC (82vnbMa6vxm1a9TWy54s1dYRCYeGYZUPQnn7iVLBvmtx) is already up to date.
Updating daily metadata for pool PRCL / JitoSOL (BWGP8CqKgg1rV6kYNFnbGbSYXxnYah4BQg1Sw1Nqy7hm)
Metadata for pool PRCL / JitoSOL (BWGP8CqKgg1rV6kYNFnbGbSYXxnYah4BQg1Sw1Nqy7hm) is already up to date.
Updating daily metadata for pool PRCL / USDC (7AhWSjMiXtxgZ6tB39V65sF3Rguv6arkbLWyk2v9MxRV)
Metadata for pool PRCL / USDC (7AhWSjMiXtxgZ6tB39V65sF3Rguv6arkbLWyk2v9MxRV) is already up to date.
Updating daily metadata for pool PVEai / SOL (7cu4pvo6jQMkT6oDwi1QeoYBjhNDmvSr1zGdoGKDGPab)
Metadata for pool PVEai / SOL (7cu4pvo6jQMkT6oDwi1QeoYBjhNDmvSr1zGdoGKDGPab) is already up to date.
Updating daily metadata for pool PYTH / SOL (8erNF5u3CHrqZJXtkfY8CjSxFYF1yqHmN8uDbAhk6tWM)
Metadata for pool PYTH / SOL (8erNF5u3CHrqZJXtkfY8CjSxFYF1yqHmN8uDbAhk6tWM) is already up to date.
Updating daily metadata for pool RAY / SOL (5sgXhG1c9VBceg6aVQguK3NnbPfHinERZj86As6zW5Be)
Metadata for pool RAY / SOL (5sgXhG1c9VBceg6aVQguK3NnbPfHinERZj86As6zW5Be) is already up to date.
Updating daily metadata for pool RAY / SOL (D3C5H4YU7rjhK7ePrGtK1Bhde4tfeiTr98axdZnA7tet)
Metadata for pool RAY / SOL (D3C5H4YU7rjhK7ePrGtK1Bhde4tfeiTr98axdZnA7tet) is already up to date.
Updating daily metadata for pool RENDER / SOL (AmXR6YeshKfnx23gQpJkktUXoGb7cAXi5hWk3w2pw1a3)
Metadata for pool RENDER / SOL (AmXR6YeshKfnx23gQpJkktUXoGb7cAXi5hWk3w2pw1a3) is already up to date.
Updating daily metadata for pool RENDER / USDC (HAWNPF6UZ8YgWisd2gsECNSchdn3hQTEujsZtGxKM1MW)
Metadata for pool RENDER / USDC (HAWNPF6UZ8YgWisd2gsECNSchdn3hQTEujsZtGxKM1MW) is already up to date.
Updating daily metadata for pool SADCAT / SOL (HUFBLzQH2To6WMnMkAhzgSZwCj9efK3AupV4rNwgSeyR)
Metadata for pool SADCAT / SOL (HUFBLzQH2To6WMnMkAhzgSZwCj9efK3AupV4rNwgSeyR) is already up to date.
Updating daily metadata for pool SAMO / SOL (4nAiqm5QiZiwh1sMpmuJJdVUH12Fst2kPPzApNfppQGd)
Metadata for pool SAMO / SOL (4nAiqm5QiZiwh1sMpmuJJdVUH12Fst2kPPzApNfppQGd) is already up to date.
Updating daily metadata for pool SHDW / SOL (6jwmmjnx3mDbA6QauSZ7DY8Z1B8wZncxXM1tJd2unpuS)
Metadata for pool SHDW / SOL (6jwmmjnx3mDbA6QauSZ7DY8Z1B8wZncxXM1tJd2unpuS) is already up to date.
Updating daily metadata for pool SOL / USDC (83v8iPyZihDEjDdY8RdZddyZNyUtXngz69Lgo9Kt5d6d)
Metadata for pool SOL / USDC (83v8iPyZihDEjDdY8RdZddyZNyUtXngz69Lgo9Kt5d6d) is already up to date.
Updating daily metadata for pool SOL / USDC (Czfq3xZZDmsdGdUyrNLtRhGc47cXcZtLG4crryfu44zE)
Metadata for pool SOL / USDC (Czfq3xZZDmsdGdUyrNLtRhGc47cXcZtLG4crryfu44zE) is already up to date.
Updating daily metadata for pool SOL / USDC (FpCMFDFGYotvufJ7HrFHsWEiiQCGbkLCtwHiDnh7o28Q)
Metadata for pool SOL / USDC (FpCMFDFGYotvufJ7HrFHsWEiiQCGbkLCtwHiDnh7o28Q) is already up to date.
Updating daily metadata for pool SOL / USDC (7qbRF6YsyGuLUVs6Y1q64bdVrfe4ZcUUz1JRdoVNUJnm)
Metadata for pool SOL / USDC (7qbRF6YsyGuLUVs6Y1q64bdVrfe4ZcUUz1JRdoVNUJnm) is already up to date.
Updating daily metadata for pool SOL / USDC (21gTfxAnhUDjJGZJDkTXctGFKT8TeiXx6pN1CEg9K1uW)
Metadata for pool SOL / USDC (21gTfxAnhUDjJGZJDkTXctGFKT8TeiXx6pN1CEg9K1uW) is already up to date.
Updating daily metadata for pool SOL / USDT (B6LL9aCWVuo1tTcJoYvCTDqYrq1vjMfci8uHxsm4UxTR)
Metadata for pool SOL / USDT (B6LL9aCWVuo1tTcJoYvCTDqYrq1vjMfci8uHxsm4UxTR) is already up to date.
Updating daily metadata for pool SOL / USDT (AhhoxZDmsg2snm85vPjqzYzEYESoKfb4KmTj4HrBBNwY)
Metadata for pool SOL / USDT (AhhoxZDmsg2snm85vPjqzYzEYESoKfb4KmTj4HrBBNwY) is already up to date.
Updating daily metadata for pool SOL / USDT (7RsgjGLoW1J2YH6wpcnxhN7QZXYxhFz8cf39Ledd8Dmd)
Metadata for pool SOL / USDT (7RsgjGLoW1J2YH6wpcnxhN7QZXYxhFz8cf39Ledd8Dmd) is already up to date.
Updating daily metadata for pool TAPS / SOL (BaC9aMbmsFLDXKfrPrH6Qhztcfp8NK2haC3yiZiLHwGp)
Metadata for pool TAPS / SOL (BaC9aMbmsFLDXKfrPrH6Qhztcfp8NK2haC3yiZiLHwGp) is already up to date.
Updating daily metadata for pool TM / SOL (BiYCZzTC1m9PnasT8XNy16fPxFmKtnUFS8eoayBQCT9Z)
Metadata for pool TM / SOL (BiYCZzTC1m9PnasT8XNy16fPxFmKtnUFS8eoayBQCT9Z) is already up to date.
Updating daily metadata for pool TNSR / JitoSOL (7QkfgyWzWSw11z2FBiJhz8zAL9RwqSRvuXruDrJ3MFA1)
Metadata for pool TNSR / JitoSOL (7QkfgyWzWSw11z2FBiJhz8zAL9RwqSRvuXruDrJ3MFA1) is already up to date.
Updating daily metadata for pool TNSR / USDC (GJLLHqhu7HnTZzwSBgqLsshdnDP5NwTnwkjTxQbGrf9Q)
Metadata for pool TNSR / USDC (GJLLHqhu7HnTZzwSBgqLsshdnDP5NwTnwkjTxQbGrf9Q) is already up to date.
Updating daily metadata for pool TRUMP / SOL (7m4HiA2ARD1WN3QbrXqwq4ocPcvuaXHq7XqetGzRpCu8)
Metadata for pool TRUMP / SOL (7m4HiA2ARD1WN3QbrXqwq4ocPcvuaXHq7XqetGzRpCu8) is already up to date.
Updating daily metadata for pool USDC / CHONKY (C5wdmudkJgTHiY7WF7MtygqB6GC3Mc7o8879Qe8sVk1j)
Metadata for pool USDC / CHONKY (C5wdmudkJgTHiY7WF7MtygqB6GC3Mc7o8879Qe8sVk1j) is already up to date.
Updating daily metadata for pool USDC / EURC (EpDiEa7KPoeVfnYfhPSoqsQ4KukGFuRZMfsuNY2rCqgt)
Metadata for pool USDC / EURC (EpDiEa7KPoeVfnYfhPSoqsQ4KukGFuRZMfsuNY2rCqgt) is already up to date.
Updating daily metadata for pool USDC / GOFX (Cst4B1VGkirLHFW5iVUYYL3uc4Wys5uQVVnvNaYPs4XA)
Metadata for pool USDC / GOFX (Cst4B1VGkirLHFW5iVUYYL3uc4Wys5uQVVnvNaYPs4XA) is already up to date.
Updating daily metadata for pool USDC / JitoSOL (5hWJUNTtEtKmKgDXpthJXXRRmJrz5vJ7uJzrUNVdrwLg)
Metadata for pool USDC / JitoSOL (5hWJUNTtEtKmKgDXpthJXXRRmJrz5vJ7uJzrUNVdrwLg) is already up to date.
Updating daily metadata for pool USDC / JitoSOL (GgAqL1Lfs3zYZK6Gea9Bey5jmPbK8c4dmBbe5gPeYQEz)
Metadata for pool USDC / JitoSOL (GgAqL1Lfs3zYZK6Gea9Bey5jmPbK8c4dmBbe5gPeYQEz) is already up to date.
Updating daily metadata for pool USDC / PIP (8hzcovwXaP7ZPqbiDiT6CrknqzBp479Tw3kCfDYWseG6)
Metadata for pool USDC / PIP (8hzcovwXaP7ZPqbiDiT6CrknqzBp479Tw3kCfDYWseG6) is already up to date.
Updating daily metadata for pool USDC / PYTH (CKyPqtvkenW8SRYsK4z5txZzCsCZFS2NTCrzLMmtXTPz)
Metadata for pool USDC / PYTH (CKyPqtvkenW8SRYsK4z5txZzCsCZFS2NTCrzLMmtXTPz) is already up to date.
Updating daily metadata for pool USDC / SOL (HJPjoWUrhoZzkNfRpHuieeFk9WcZWjwy6PBjZ81ngndJ)
Metadata for pool USDC / SOL (HJPjoWUrhoZzkNfRpHuieeFk9WcZWjwy6PBjZ81ngndJ) is already up to date.
Updating daily metadata for pool USDC / USDC (8hcwA1hr1bLGLHXBCadXWDgxsc1BTe4hAKPcQgTVNXL4)
Metadata for pool USDC / USDC (8hcwA1hr1bLGLHXBCadXWDgxsc1BTe4hAKPcQgTVNXL4) is already up to date.
Updating daily metadata for pool USDC / USDT (4fuUiYxTQ6QCrdSq9ouBYcTM7bqSwYTSyLueGZLTy4T4)
Metadata for pool USDC / USDT (4fuUiYxTQ6QCrdSq9ouBYcTM7bqSwYTSyLueGZLTy4T4) is already up to date.
Updating daily metadata for pool USDH / SOL (AiZa55wSymdzwU9VDoWBrjizFjHdzDJFRNks2enP35sw)
Metadata for pool USDH / SOL (AiZa55wSymdzwU9VDoWBrjizFjHdzDJFRNks2enP35sw) is already up to date.
Updating daily metadata for pool USDH / USDC (Fvtf8VCjnkqbETA6KtyHYqHm26ut6w184Jqm4MQjPvv7)
Metadata for pool USDH / USDC (Fvtf8VCjnkqbETA6KtyHYqHm26ut6w184Jqm4MQjPvv7) is already up to date.
Updating daily metadata for pool USDH / USDT (963Do8Jw6aKaRB7YLorAGrqAJqhWqVGAStkewfne1SX5)
Metadata for pool USDH / USDT (963Do8Jw6aKaRB7YLorAGrqAJqhWqVGAStkewfne1SX5) is already up to date.
Updating daily metadata for pool USDT / SOL (FwewVm8u6tFPGewAyHmWAqad9hmF7mvqxK4mJ7iNqqGC)
Metadata for pool USDT / SOL (FwewVm8u6tFPGewAyHmWAqad9hmF7mvqxK4mJ7iNqqGC) is already up to date.
Updating daily metadata for pool USDT / SOL (5zVKUoZcQkFCGcRHVHiyGAJRrZj1by67pW3dmvguFvwd)
Metadata for pool USDT / SOL (5zVKUoZcQkFCGcRHVHiyGAJRrZj1by67pW3dmvguFvwd) is already up to date.
Updating daily metadata for pool USDY / USDC (7riFsDxbskTqDtCSjev2jN9hyAJqeKmbWqgfiWD6ikUC)
Metadata for pool USDY / USDC (7riFsDxbskTqDtCSjev2jN9hyAJqeKmbWqgfiWD6ikUC) is already up to date.
Updating daily metadata for pool VCHF / USDC (CsPcrAP4gL2JGJxRBLvw4fTBkGdpRDqiSSCfJ8WcTiUk)
Metadata for pool VCHF / USDC (CsPcrAP4gL2JGJxRBLvw4fTBkGdpRDqiSSCfJ8WcTiUk) is already up to date.
Updating daily metadata for pool VEUR / USDC (25q3qfHDpRq53HjPsxYEqnLg47rbMH5JiwTRY8HX9mP9)
Metadata for pool VEUR / USDC (25q3qfHDpRq53HjPsxYEqnLg47rbMH5JiwTRY8HX9mP9) is already up to date.
Updating daily metadata for pool W / JitoSOL (4m8mH8fBQ5DcYB3dum8SrauF8rCUUYHFEqEaqvKXJALt)
Metadata for pool W / JitoSOL (4m8mH8fBQ5DcYB3dum8SrauF8rCUUYHFEqEaqvKXJALt) is already up to date.
Updating daily metadata for pool W / SOL (CwHuXNNkj5inuj2ZXaU1DtjA5Nxfoiy4nNoc1PQQJxTR)
Metadata for pool W / SOL (CwHuXNNkj5inuj2ZXaU1DtjA5Nxfoiy4nNoc1PQQJxTR) is already up to date.
Updating daily metadata for pool WAVAX / SOL (3q1kUwCvG2jEvYczQcrQiLWEnAnfNSnvT6dCD14ruf6U)
Metadata for pool WAVAX / SOL (3q1kUwCvG2jEvYczQcrQiLWEnAnfNSnvT6dCD14ruf6U) is already up to date.
Updating daily metadata for pool WBNB / SOL (CmyuZJEnEoTnSD5mJLMtzLApocPNszZCWwkiEBbUD3ez)
Metadata for pool WBNB / SOL (CmyuZJEnEoTnSD5mJLMtzLApocPNszZCWwkiEBbUD3ez) is already up to date.
Updating daily metadata for pool WBNB / USDC (4gnf3XVk8A3vxFnnPtVqSFZa1SEPeXogvcetpZm6Q3pS)
Metadata for pool WBNB / USDC (4gnf3XVk8A3vxFnnPtVqSFZa1SEPeXogvcetpZm6Q3pS) is already up to date.
Updating daily metadata for pool WBTC / SOL (B5EwJVDuAauzUEEdwvbuXzbFFgEYnUqqS37TUM1c4PQA)
Metadata for pool WBTC / SOL (B5EwJVDuAauzUEEdwvbuXzbFFgEYnUqqS37TUM1c4PQA) is already up to date.
Updating daily metadata for pool WBTC / SOL (CjZhHQnNUWdMtHzpJuxrPsK2hydeqKRyiMuzLQ3BMDkK)
Metadata for pool WBTC / SOL (CjZhHQnNUWdMtHzpJuxrPsK2hydeqKRyiMuzLQ3BMDkK) is already up to date.
Updating daily metadata for pool WBTC / USDC (55BrDTCLWayM16GwrMEQU57o4PTm6ceF9wavSdNZcEiy)
Metadata for pool WBTC / USDC (55BrDTCLWayM16GwrMEQU57o4PTm6ceF9wavSdNZcEiy) is already up to date.
Updating daily metadata for pool WBTC / WETH (C3km5MDqBiA3eVBsy8r6D8AtTr4J8j2TpRTiXaydkiCx)
Metadata for pool WBTC / WETH (C3km5MDqBiA3eVBsy8r6D8AtTr4J8j2TpRTiXaydkiCx) is already up to date.
Updating daily metadata for pool WEN / SOL (7BZzoP3QB2zK3R7WqRzjS5fpeeErgdy3HGzxXrN97aEY)
Metadata for pool WEN / SOL (7BZzoP3QB2zK3R7WqRzjS5fpeeErgdy3HGzxXrN97aEY) is already up to date.
Updating daily metadata for pool WETH / SOL (HktfL7iwGKT5QHjywQkcDnZXScoh811k7akrMZJkCcEF)
Metadata for pool WETH / SOL (HktfL7iwGKT5QHjywQkcDnZXScoh811k7akrMZJkCcEF) is already up to date.
Updating daily metadata for pool WETH / USDC (AU971DrPyhhrpRnmEBp5pDTWL2ny7nofb5vYBjDJkR2E)
Metadata for pool WETH / USDC (AU971DrPyhhrpRnmEBp5pDTWL2ny7nofb5vYBjDJkR2E) is already up to date.
Updating daily metadata for pool ZEUS / SOL (Dsxt7wUigQU5puH9nHjmfwnUenMycAgsFtrkfggLh8P1)
Metadata for pool ZEUS / SOL (Dsxt7wUigQU5puH9nHjmfwnUenMycAgsFtrkfggLh8P1) is already up to date.
Updating daily metadata for pool ZYN / SOL (6P1JbEwYEaXZBP9skhXpZZaaHqbXvd8VwdqNUsk9QkPU)
Metadata for pool ZYN / SOL (6P1JbEwYEaXZBP9skhXpZZaaHqbXvd8VwdqNUsk9QkPU) is already up to date.
Updating daily metadata for pool bSOL / JitoSOL (5snaYowgJDfuM1LPbTNUYHbgkKHtVVnzHiiLDWUV2hh8)
Metadata for pool bSOL / JitoSOL (5snaYowgJDfuM1LPbTNUYHbgkKHtVVnzHiiLDWUV2hh8) is already up to date.
Updating daily metadata for pool bSOL / SOL (8phK65jxmTPEN158xLgSr4oZvssw9SyTErpNZj3g7px4)
Metadata for pool bSOL / SOL (8phK65jxmTPEN158xLgSr4oZvssw9SyTErpNZj3g7px4) is already up to date.
Updating daily metadata for pool bSOL / VCHF (9Ef9cnck4rn1ZezSJvVUqHnA1TehGBiYw6Y2LTSuWEQW)
Metadata for pool bSOL / VCHF (9Ef9cnck4rn1ZezSJvVUqHnA1TehGBiYw6Y2LTSuWEQW) is already up to date.
Updating daily metadata for pool bSOL / VEUR (DVwtABQwmjx9DosuZWGkAv1kiibgAAPoaFJB3jTHfo2V)
Metadata for pool bSOL / VEUR (DVwtABQwmjx9DosuZWGkAv1kiibgAAPoaFJB3jTHfo2V) is already up to date.
Updating daily metadata for pool bSOL / mSOL (CwZbEdMZdxjnPLcRGRz8PwuvA4tK4iBmS9YZrMvnrNJr)
Metadata for pool bSOL / mSOL (CwZbEdMZdxjnPLcRGRz8PwuvA4tK4iBmS9YZrMvnrNJr) is already up to date.
Updating daily metadata for pool bonkSOL / SOL (BQ5kRSSVu4v5T31fDSw3wMKcvMYWewrDVwZZrsJ3Vy7X)
Metadata for pool bonkSOL / SOL (BQ5kRSSVu4v5T31fDSw3wMKcvMYWewrDVwZZrsJ3Vy7X) is already up to date.
Updating daily metadata for pool mSOL / JitoSOL (HZsTF6VHdQy2W6cfEEqqpoTFKocx7Ch5c4TnWucXkAYv)
Metadata for pool mSOL / JitoSOL (HZsTF6VHdQy2W6cfEEqqpoTFKocx7Ch5c4TnWucXkAYv) is already up to date.
Updating daily metadata for pool mSOL / JitoSOL (8dxebMPEZjYJvE5JfC9iicZt9pkATBLW1PFgRHi5wGGv)
Metadata for pool mSOL / JitoSOL (8dxebMPEZjYJvE5JfC9iicZt9pkATBLW1PFgRHi5wGGv) is already up to date.
Updating daily metadata for pool mSOL / SOL (HQcY5n2zP6rW74fyFEhWeBd3LnJpBcZechkvJpmdb8cx)
Metadata for pool mSOL / SOL (HQcY5n2zP6rW74fyFEhWeBd3LnJpBcZechkvJpmdb8cx) is already up to date.
Updating daily metadata for pool mSOL / USDC (AiMZS5U3JMvpdvsr1KeaMiS354Z1DeSg5XjA4yYRxtFf)
Metadata for pool mSOL / USDC (AiMZS5U3JMvpdvsr1KeaMiS354Z1DeSg5XjA4yYRxtFf) is already up to date.
Updating daily metadata for pool mSOL / USDC (AqJ5JYNb7ApkJwvbuXxPnTtKeuizjvC1s2fkp382y9LC)
Metadata for pool mSOL / USDC (AqJ5JYNb7ApkJwvbuXxPnTtKeuizjvC1s2fkp382y9LC) is already up to date.
Updating daily metadata for pool picoSOL / SOL (8YAauxoiTm4Y32zkbqjTtSW21psE8DoNos39pzhpJ25m)
Metadata for pool picoSOL / SOL (8YAauxoiTm4Y32zkbqjTtSW21psE8DoNos39pzhpJ25m) is already up to date.
Updating daily metadata for pool sSOL / SOL (8X5tAh7EcafARDGhmLHxkiG5CousuB1yLtYsbuM9tD1T)
Metadata for pool sSOL / SOL (8X5tAh7EcafARDGhmLHxkiG5CousuB1yLtYsbuM9tD1T) is already up to date.
Updating daily metadata for pool stSOL / SOL (2AEWSvUds1wsufnsDPCXjFsJCMJH5SNNm7fSF4kxys9a)
Metadata for pool stSOL / SOL (2AEWSvUds1wsufnsDPCXjFsJCMJH5SNNm7fSF4kxys9a) is already up to date.
Updating daily metadata for pool vSOL / SOL (AJuD76pBTNwCvD1wE9vBM8qwqKUHbj8BsUXzwWtuJ2We)
Metadata for pool vSOL / SOL (AJuD76pBTNwCvD1wE9vBM8qwqKUHbj8BsUXzwWtuJ2We) is already up to date.
Updating daily metadata for pool wfragSOL / JitoSOL (5xfKkFmhzNhHKTFUkh4PJmHSWB6LpRvhJcUMKzPP6md2)
Metadata for pool wfragSOL / JitoSOL (5xfKkFmhzNhHKTFUkh4PJmHSWB6LpRvhJcUMKzPP6md2) is already up to date.
[2025-08-11 12:10:23 UTC] Pushing changes to GitHub...
